14:19:02 **** Build of project vanilla_bsp ****
make -k all 
"Running Make include in microblaze_I/libsrc/bram_v4_2/src"
make -C microblaze_I/libsrc/bram_v4_2/src -s include  "SHELL=CMD" "COMPILER=mb-gcc" "ARCHIVER=mb-ar" "COMPILER_FLAGS=  -O2 -c -mcpu=v10.0 -mlittle-endian -mno-xl-reorder -mxl-soft-mul" "EXTRA_COMPILER_FLAGS=-ffunction-sections -fdata-sections -Wall -Wextra"
"Running Make include in microblaze_I/libsrc/cpu_v2_7/src"
make -C microblaze_I/libsrc/cpu_v2_7/src -s include  "SHELL=CMD" "COMPILER=mb-gcc" "ARCHIVER=mb-ar" "COMPILER_FLAGS=  -O2 -c -mcpu=v10.0 -mlittle-endian -mno-xl-reorder -mxl-soft-mul" "EXTRA_COMPILER_FLAGS=-ffunction-sections -fdata-sections -Wall -Wextra"
"Running Make include in microblaze_I/libsrc/iomodule_v2_5/src"
make -C microblaze_I/libsrc/iomodule_v2_5/src -s include  "SHELL=CMD" "COMPILER=mb-gcc" "ARCHIVER=mb-ar" "COMPILER_FLAGS=  -O2 -c -mcpu=v10.0 -mlittle-endian -mno-xl-reorder -mxl-soft-mul" "EXTRA_COMPILER_FLAGS=-ffunction-sections -fdata-sections -Wall -Wextra"
"Running Make include in microblaze_I/libsrc/standalone_v6_7/src"
make -C microblaze_I/libsrc/standalone_v6_7/src -s include  "SHELL=CMD" "COMPILER=mb-gcc" "ARCHIVER=mb-ar" "COMPILER_FLAGS=  -O2 -c -mcpu=v10.0 -mlittle-endian -mno-xl-reorder -mxl-soft-mul" "EXTRA_COMPILER_FLAGS=-ffunction-sections -fdata-sections -Wall -Wextra"
"Running Make libs in microblaze_I/libsrc/bram_v4_2/src"
make -C microblaze_I/libsrc/bram_v4_2/src -s libs  "SHELL=CMD" "COMPILER=mb-gcc" "ARCHIVER=mb-ar" "COMPILER_FLAGS=  -O2 -c -mcpu=v10.0 -mlittle-endian -mno-xl-reorder -mxl-soft-mul" "EXTRA_COMPILER_FLAGS=-ffunction-sections -fdata-sections -Wall -Wextra"
"Compiling bram"
mb-ar: creating ../../../lib/libxil.a
"Running Make libs in microblaze_I/libsrc/cpu_v2_7/src"
make -C microblaze_I/libsrc/cpu_v2_7/src -s libs  "SHELL=CMD" "COMPILER=mb-gcc" "ARCHIVER=mb-ar" "COMPILER_FLAGS=  -O2 -c -mcpu=v10.0 -mlittle-endian -mno-xl-reorder -mxl-soft-mul" "EXTRA_COMPILER_FLAGS=-ffunction-sections -fdata-sections -Wall -Wextra"
"Compiling cpu"
"Running Make libs in microblaze_I/libsrc/iomodule_v2_5/src"
make -C microblaze_I/libsrc/iomodule_v2_5/src -s libs  "SHELL=CMD" "COMPILER=mb-gcc" "ARCHIVER=mb-ar" "COMPILER_FLAGS=  -O2 -c -mcpu=v10.0 -mlittle-endian -mno-xl-reorder -mxl-soft-mul" "EXTRA_COMPILER_FLAGS=-ffunction-sections -fdata-sections -Wall -Wextra"
"Compiling iomodule"
xiomodule.c: In function 'XIOModule_Initialize':
xiomodule.c:170:18: warning: comparison is always false due to limited range of data type [-Wtype-limits]
  for (Id = 0; Id < XPAR_IOMODULE_INTC_MAX_INTR_SIZE; Id++) {
                  ^
xiomodule.c:216:19: warning: comparison is always false due to limited range of data type [-Wtype-limits]
   for (Id = 0; Id < XPAR_IOMODULE_INTC_MAX_INTR_SIZE; Id++) {
                   ^
In file included from ../../../include/xstatus.h:55:0,
                 from xiomodule.h:265,
                 from xiomodule.c:60:
xiomodule.c: In function 'XIOModule_Connect':
xiomodule.c:344:23: warning: comparison is always false due to limited range of data type [-Wtype-limits]
  Xil_AssertNonvoid(Id < XPAR_IOMODULE_INTC_MAX_INTR_SIZE);
                       ^
../../../include/xil_assert.h:132:9: note: in definition of macro 'Xil_AssertNonvoid'
     if (Expression) {                              \
         ^~~~~~~~~~
xiomodule.c: In function 'XIOModule_Disconnect':
xiomodule.c:384:20: warning: comparison is always false due to limited range of data type [-Wtype-limits]
  Xil_AssertVoid(Id < XPAR_IOMODULE_INTC_MAX_INTR_SIZE);
                    ^
../../../include/xil_assert.h:107:9: note: in definition of macro 'Xil_AssertVoid'
     if (Expression) {                              \
         ^~~~~~~~~~
xiomodule.c: In function 'XIOModule_Enable':
xiomodule.c:434:20: warning: comparison is always false due to limited range of data type [-Wtype-limits]
  Xil_AssertVoid(Id < XPAR_IOMODULE_INTC_MAX_INTR_SIZE);
                    ^
../../../include/xil_assert.h:107:9: note: in definition of macro 'Xil_AssertVoid'
     if (Expression) {                              \
         ^~~~~~~~~~
xiomodule.c: In function 'XIOModule_Disable':
xiomodule.c:480:20: warning: comparison is always false due to limited range of data type [-Wtype-limits]
  Xil_AssertVoid(Id < XPAR_IOMODULE_INTC_MAX_INTR_SIZE);
                    ^
../../../include/xil_assert.h:107:9: note: in definition of macro 'Xil_AssertVoid'
     if (Expression) {                              \
         ^~~~~~~~~~
xiomodule.c: In function 'XIOModule_Acknowledge':
xiomodule.c:524:20: warning: comparison is always false due to limited range of data type [-Wtype-limits]
  Xil_AssertVoid(Id < XPAR_IOMODULE_INTC_MAX_INTR_SIZE);
                    ^
../../../include/xil_assert.h:107:9: note: in definition of macro 'Xil_AssertVoid'
     if (Expression) {                              \
         ^~~~~~~~~~
xiomodule.c: In function 'XIOModule_ConnectFastHandler':
xiomodule.c:629:23: warning: comparison is always false due to limited range of data type [-Wtype-limits]
  Xil_AssertNonvoid(Id < XPAR_IOMODULE_INTC_MAX_INTR_SIZE);
                       ^
../../../include/xil_assert.h:132:9: note: in definition of macro 'Xil_AssertNonvoid'
     if (Expression) {                              \
         ^~~~~~~~~~
xiomodule.c: In function 'XIOModule_SetNormalIntrMode':
xiomodule.c:705:20: warning: comparison is always false due to limited range of data type [-Wtype-limits]
  Xil_AssertVoid(Id < XPAR_IOMODULE_INTC_MAX_INTR_SIZE);
                    ^
../../../include/xil_assert.h:107:9: note: in definition of macro 'Xil_AssertVoid'
     if (Expression) {                              \
         ^~~~~~~~~~
xiomodule_l.c: In function 'XIOModule_DeviceInterruptHandler':
xiomodule_l.c:168:35: warning: comparison of unsigned expression < 0 is always false [-Wtype-limits]
  for (IntrNumber = 0U; IntrNumber < XPAR_IOMODULE_INTC_MAX_INTR_SIZE;
                                   ^
xiomodule_l.c:153:15: warning: variable 'Register' set but not used [-Wunused-but-set-variable]
  volatile u32 Register;   /* used as bit bucket */
               ^~~~~~~~
"Running Make libs in microblaze_I/libsrc/standalone_v6_7/src"
make -C microblaze_I/libsrc/standalone_v6_7/src -s libs  "SHELL=CMD" "COMPILER=mb-gcc" "ARCHIVER=mb-ar" "COMPILER_FLAGS=  -O2 -c -mcpu=v10.0 -mlittle-endian -mno-xl-reorder -mxl-soft-mul" "EXTRA_COMPILER_FLAGS=-ffunction-sections -fdata-sections -Wall -Wextra"
"Compiling standalone";
microblaze_sleep.c:74:9: note: #pragma message: For the sleep routines, assembly instructions are used
 #pragma message ("For the sleep routines, assembly instructions are used")
         ^~~~~~~
'Finished building libraries'
14:19:36 **** Build of configuration Debug for project testc ****
make all 
'Building file: ../src/main.cc'
'Invoking: MicroBlaze g++ compiler'
mb-g++ -Wall -O0 -g3 -c -fmessage-length=0 -MT"src/main.o" -I../../vanilla_bsp/microblaze_I/include -mno-xl-reorder -mlittle-endian -mcpu=v10.0 -mxl-soft-mul -Wl,--no-relax -ffunction-sections -fdata-sections -MMD -MP -MF"src/main.d" -MT"src/main.o" -o "src/main.o" "../src/main.cc"
'Finished building: ../src/main.cc'
' '
'Building target: testc.elf'
'Invoking: MicroBlaze g++ linker'
mb-g++ -Wl,-T -Wl,../src/lscript.ld -L../../vanilla_bsp/microblaze_I/lib -mlittle-endian -mcpu=v10.0 -mxl-soft-mul -Wl,--no-relax -Wl,--gc-sections -o "testc.elf"  ./src/main.o   -Wl,--start-group,-lxil,-lgcc,-lc,-lstdc++,--end-group
'Finished building target: testc.elf'
' '
'Invoking: MicroBlaze Print Size'
mb-size testc.elf  |tee "testc.elf.size"
   text	   data	    bss	    dec	    hex	filename
   1952	    268	   3108	   5328	   14d0	testc.elf
'Finished building: testc.elf.size'
' '
14:19:37 **** Auto Build of configuration Debug for project testc ****
make all 
make: Nothing to be done for `all'.
14:19:48 **** Incremental Build of configuration Debug for project testc ****
make all 
make: Nothing to be done for `all'.
14:38:45 **** Auto Build of configuration Debug for project testc ****
make all 
'Building file: ../i2c_core.cpp'
'Invoking: MicroBlaze g++ compiler'
mb-g++ -Wall -O0 -g3 -c -fmessage-length=0 -MT"i2c_core.o" -I../../vanilla_bsp/microblaze_I/include -mno-xl-reorder -mlittle-endian -mcpu=v10.0 -mxl-soft-mul -Wl,--no-relax -ffunction-sections -fdata-sections -MMD -MP -MF"i2c_core.d" -MT"i2c_core.o" -o "i2c_core.o" "../i2c_core.cpp"
In file included from ../i2c_core.cpp:10:0:
../i2c_core.h:18:10: fatal error: chu_init.h: No such file or directory
 #include "chu_init.h"
          ^~~~~~~~~~~~
compilation terminated.
make: *** [i2c_core.o] Error 1
14:38:49 **** Clean-only build of configuration Debug for project testc ****
make clean 
rm -rf  ./src/main.d  ./src/main.o  ./i2c_core.o  ./i2c_core.d  testc.elf.size  testc.elf
' '
14:38:49 **** Auto Build of configuration Debug for project testc ****
make all 
'Building file: ../src/i2c_core.cpp'
'Invoking: MicroBlaze g++ compiler'
mb-g++ -Wall -O0 -g3 -c -fmessage-length=0 -MT"src/i2c_core.o" -I../../vanilla_bsp/microblaze_I/include -mno-xl-reorder -mlittle-endian -mcpu=v10.0 -mxl-soft-mul -Wl,--no-relax -ffunction-sections -fdata-sections -MMD -MP -MF"src/i2c_core.d" -MT"src/i2c_core.o" -o "src/i2c_core.o" "../src/i2c_core.cpp"
In file included from ../src/i2c_core.cpp:10:0:
../src/i2c_core.h:18:10: fatal error: chu_init.h: No such file or directory
 #include "chu_init.h"
          ^~~~~~~~~~~~
compilation terminated.
make: *** [src/i2c_core.o] Error 1
14:43:53 **** Auto Build of configuration Debug for project testc ****
make all 
'Building file: ../src/i2c_core.cpp'
'Invoking: MicroBlaze g++ compiler'
mb-g++ -Wall -O0 -g3 -c -fmessage-length=0 -MT"src/i2c_core.o" -I../../vanilla_bsp/microblaze_I/include -mno-xl-reorder -mlittle-endian -mcpu=v10.0 -mxl-soft-mul -Wl,--no-relax -ffunction-sections -fdata-sections -MMD -MP -MF"src/i2c_core.d" -MT"src/i2c_core.o" -o "src/i2c_core.o" "../src/i2c_core.cpp"
In file included from ../src/i2c_core.cpp:10:0:
../src/i2c_core.h:18:10: fatal error: chu_init.h: No such file or directory
 #include "chu_init.h"
          ^~~~~~~~~~~~
compilation terminated.
make: *** [src/i2c_core.o] Error 1
14:44:18 **** Auto Build of configuration Debug for project testc ****
make all 
'Building file: ../src/i2c_core.cpp'
'Invoking: MicroBlaze g++ compiler'
mb-g++ -Wall -O0 -g3 -c -fmessage-length=0 -MT"src/i2c_core.o" -I../../vanilla_bsp/microblaze_I/include -mno-xl-reorder -mlittle-endian -mcpu=v10.0 -mxl-soft-mul -Wl,--no-relax -ffunction-sections -fdata-sections -MMD -MP -MF"src/i2c_core.d" -MT"src/i2c_core.o" -o "src/i2c_core.o" "../src/i2c_core.cpp"
In file included from ../src/i2c_core.cpp:10:0:
../src/i2c_core.h:18:10: fatal error: chu_init.h: No such file or directory
 #include "chu_init.h"
          ^~~~~~~~~~~~
compilation terminated.
make: *** [src/i2c_core.o] Error 1
