#-----------------------------------------------------------
# Vivado v2018.2.2 (64-bit)
# SW Build 2348494 on Mon Oct  1 18:25:44 MDT 2018
# IP Build 2318053 on Mon Oct  1 21:44:26 MDT 2018
# Start of session at: Fri Dec  7 11:49:40 2018
# Process ID: 14400
# Current directory: C:/Users/runne/Desktop/Soc_FPGA/Final_Bui/Final/hdl/3C_LED
# Command line: vivado.exe -gui_launcher_event rodinguilauncherevent14836 C:\Users\runne\Desktop\Soc_FPGA\Final_Bui\Final\hdl\3C_LED\3C_LED.xpr
# Log file: C:/Users/runne/Desktop/Soc_FPGA/Final_Bui/Final/hdl/3C_LED/vivado.log
# Journal file: C:/Users/runne/Desktop/Soc_FPGA/Final_Bui/Final/hdl/3C_LED\vivado.jou
#-----------------------------------------------------------
start_gui
open_project C:/Users/runne/Desktop/Soc_FPGA/Final_Bui/Final/hdl/3C_LED/3C_LED.xpr
update_compile_order -fileset sources_1
reset_run synth_1
launch_runs impl_1 -jobs 4
wait_on_run impl_1
launch_runs impl_1 -to_step write_bitstream -jobs 4
wait_on_run impl_1
open_hw
connect_hw_server
open_hw_target
set_property PROGRAM.FILE {C:/Users/runne/Desktop/Soc_FPGA/Final_Bui/Final/hdl/3C_LED/3C_LED.runs/impl_1/MLED_test.bit} [get_hw_devices xc7a100t_0]
current_hw_device [get_hw_devices xc7a100t_0]
refresh_hw_device -update_hw_probes false [lindex [get_hw_devices xc7a100t_0] 0]
set_property PROBES.FILE {} [get_hw_devices xc7a100t_0]
set_property FULL_PROBES.FILE {} [get_hw_devices xc7a100t_0]
set_property PROGRAM.FILE {C:/Users/runne/Desktop/Soc_FPGA/Final_Bui/Final/hdl/3C_LED/3C_LED.runs/impl_1/MLED_test.bit} [get_hw_devices xc7a100t_0]
program_hw_devices [get_hw_devices xc7a100t_0]
refresh_hw_device [lindex [get_hw_devices xc7a100t_0] 0]
