#-----------------------------------------------------------
# Vivado v2018.2.2 (64-bit)
# SW Build 2348494 on Mon Oct  1 18:25:44 MDT 2018
# IP Build 2318053 on Mon Oct  1 21:44:26 MDT 2018
# Start of session at: Sat Nov 24 22:46:04 2018
# Process ID: 11360
# Current directory: C:/Users/runne/Desktop/Soc_FPGA/Bui_Final_Project/Bui_Final
# Command line: vivado.exe -gui_launcher_event rodinguilauncherevent6172 C:\Users\runne\Desktop\Soc_FPGA\Bui_Final_Project\Bui_Final\Bui_Final.xpr
# Log file: C:/Users/runne/Desktop/Soc_FPGA/Bui_Final_Project/Bui_Final/vivado.log
# Journal file: C:/Users/runne/Desktop/Soc_FPGA/Bui_Final_Project/Bui_Final\vivado.jou
#-----------------------------------------------------------
start_gui
open_project C:/Users/runne/Desktop/Soc_FPGA/Bui_Final_Project/Bui_Final/Bui_Final.xpr
update_compile_order -fileset sources_1
reset_run synth_1
launch_runs synth_1 -jobs 4
wait_on_run synth_1
launch_runs impl_1 -jobs 4
wait_on_run impl_1
launch_runs impl_1 -to_step write_bitstream -jobs 4
wait_on_run impl_1
reset_run impl_1 -prev_step 
launch_runs impl_1 -to_step write_bitstream -jobs 4
wait_on_run impl_1
write_hwdef -force  -file C:/Users/runne/Desktop/Soc_FPGA/Bui_Final_Project/Bui_Final/Bui_Final.sdk/mcs_top_vanilla.hdf
launch_sdk -workspace C:/Users/runne/Desktop/Soc_FPGA/Bui_Final_Project/Bui_Final/Bui_Final.sdk -hwspec C:/Users/runne/Desktop/Soc_FPGA/Bui_Final_Project/Bui_Final/Bui_Final.sdk/mcs_top_vanilla.hdf
